2026-68-32 14:03:44 [Info] : Application initialized
2026-68-03 14:34:17.659 [Info] : Application initialized
2026-68-03 14:34:33.868 [Info] : #### TEST - [dryRun=true] converting PNG_TO_KTX2 for project 'Boom XB1_Nasa' ####
2026-68-03 14:34:33.869 [Error] : Just kidding...
2026-68-03 14:34:33.869 [Info] : 0/100
2026-68-03 14:34:33.978 [Info] : 1/100
2026-68-03 14:34:34.088 [Info] : 2/100
2026-68-03 14:34:34.199 [Info] : 3/100
2026-68-03 14:34:34.310 [Info] : 4/100
2026-68-03 14:34:34.420 [Info] : 5/100
2026-68-03 14:34:34.531 [Info] : 6/100
2026-68-03 14:34:34.643 [Info] : 7/100
2026-68-03 14:34:34.754 [Info] : 8/100
2026-68-03 14:34:34.865 [Info] : 9/100
2026-68-03 14:34:34.976 [Info] : 10/100
2026-68-03 14:34:35.086 [Info] : 11/100
2026-68-03 14:34:35.195 [Info] : 12/100
2026-68-03 14:34:35.306 [Info] : 13/100
2026-68-03 14:34:35.416 [Info] : 14/100
2026-68-03 14:34:35.528 [Info] : 15/100
2026-68-03 14:34:35.640 [Info] : 16/100
2026-68-03 14:34:35.752 [Info] : 17/100
2026-68-03 14:34:35.864 [Info] : 18/100
2026-68-03 14:34:35.973 [Info] : 19/100
2026-68-03 14:34:36.085 [Info] : 20/100
2026-68-03 14:34:36.195 [Info] : 21/100
2026-68-03 14:34:36.305 [Info] : 22/100
2026-68-03 14:34:36.417 [Info] : 23/100
2026-68-03 14:34:36.529 [Info] : 24/100
2026-68-03 14:34:36.639 [Info] : 25/100
2026-68-03 14:34:36.749 [Info] : 26/100
2026-68-03 14:34:36.858 [Info] : 27/100
2026-68-03 14:34:36.970 [Info] : 28/100
2026-68-03 14:34:37.081 [Info] : 29/100
2026-68-03 14:34:37.186 [Info] : 30/100
2026-68-03 14:34:37.297 [Info] : 31/100
2026-68-03 14:34:37.407 [Info] : 32/100
2026-68-03 14:34:37.520 [Info] : 33/100
2026-68-03 14:34:37.630 [Info] : 34/100
2026-68-03 14:34:37.740 [Info] : 35/100
2026-68-03 14:34:37.850 [Info] : 36/100
2026-68-03 14:34:37.960 [Info] : 37/100
2026-68-03 14:34:38.070 [Info] : 38/100
2026-68-03 14:34:38.180 [Info] : 39/100
2026-68-03 14:34:38.289 [Info] : 40/100
2026-68-03 14:34:38.398 [Info] : 41/100
2026-68-03 14:34:38.509 [Info] : 42/100
2026-68-03 14:34:38.618 [Info] : 43/100
2026-68-03 14:34:38.730 [Info] : 44/100
2026-68-03 14:34:38.838 [Info] : 45/100
2026-68-03 14:34:38.946 [Info] : 46/100
2026-68-03 14:34:39.053 [Info] : 47/100
2026-68-03 14:34:39.163 [Info] : 48/100
2026-68-03 14:34:39.274 [Info] : 49/100
2026-68-03 14:34:39.386 [Info] : 50/100
2026-68-03 14:34:39.495 [Info] : 51/100
2026-68-03 14:34:39.604 [Info] : 52/100
2026-68-03 14:34:39.716 [Info] : 53/100
2026-68-03 14:34:39.826 [Info] : 54/100
2026-68-03 14:34:39.936 [Info] : 55/100
2026-68-03 14:34:40.046 [Info] : 56/100
2026-68-03 14:34:40.154 [Info] : 57/100
2026-68-03 14:34:40.265 [Info] : 58/100
2026-68-03 14:34:40.373 [Info] : 59/100
2026-68-03 14:34:40.482 [Info] : 60/100
2026-68-03 14:34:40.594 [Info] : 61/100
2026-68-03 14:34:40.705 [Info] : 62/100
2026-68-03 14:34:40.816 [Info] : 63/100
2026-68-03 14:34:40.927 [Info] : 64/100
2026-68-03 14:34:41.036 [Info] : 65/100
2026-68-03 14:34:41.148 [Info] : 66/100
2026-68-03 14:34:41.257 [Info] : 67/100
2026-68-03 14:34:41.368 [Info] : 68/100
2026-68-03 14:34:41.476 [Info] : 69/100
2026-68-03 14:34:41.584 [Info] : 70/100
2026-68-03 14:34:41.693 [Info] : 71/100
2026-68-03 14:34:41.803 [Info] : 72/100
2026-68-03 14:34:41.914 [Info] : 73/100
2026-68-03 14:34:42.022 [Info] : 74/100
2026-68-03 14:34:42.132 [Info] : 75/100
2026-68-03 14:34:42.244 [Info] : 76/100
2026-68-03 14:34:42.353 [Info] : 77/100
2026-68-03 14:34:42.463 [Info] : 78/100
2026-68-03 14:34:42.572 [Info] : 79/100
2026-68-03 14:34:42.685 [Info] : 80/100
2026-68-03 14:34:42.794 [Info] : 81/100
2026-68-03 14:34:42.904 [Info] : 82/100
2026-68-03 14:34:43.014 [Info] : 83/100
2026-68-03 14:34:43.124 [Info] : 84/100
2026-68-03 14:34:43.236 [Info] : 85/100
2026-68-03 14:34:43.347 [Info] : 86/100
2026-68-03 14:34:43.455 [Info] : 87/100
2026-68-03 14:34:43.564 [Info] : 88/100
2026-68-03 14:34:43.676 [Info] : 89/100
2026-68-03 14:34:43.786 [Info] : 90/100
2026-68-03 14:34:43.897 [Info] : 91/100
2026-68-03 14:34:44.007 [Info] : 92/100
2026-68-03 14:34:44.118 [Info] : 93/100
2026-68-03 14:34:44.226 [Info] : 94/100
2026-68-03 14:34:44.336 [Info] : 95/100
2026-68-03 14:34:44.445 [Info] : 96/100
2026-68-03 14:34:44.554 [Info] : 97/100
2026-68-03 14:34:44.666 [Info] : 98/100
2026-68-03 14:34:44.778 [Info] : 99/100
2026-68-03 14:34:44.889 [Info] : #### conversion finished ####
2026-68-03 15:36:56.936 [Info] : Application initialized
2026-68-03 15:39:01.147 [Info] : Application initialized
